// Jest Snapshot v1, https://goo.gl/fbAQLP

exports[`renders correctly 1`] = `
<div
  id="target"
  style="width: 300px; height: 200px;"
>
  <div
    class="view-list"
  />
</div>
`;
